[dotenv@17.2.3] injecting env (22) from .env -- tip: ⚙️  specify custom .env file path with { path: '/custom/path/.env' }
🧪 Testing AI Bio Generation...
API Key present: true
[AI Service] 🛰️ Attempting gemini-1.5-flash...
node : [AI Service] ⚠️ Model 
gemini-1.5-flash failed: 
[GoogleGenerativeAI Error]: Error fetching 
from https://generativelanguage.googleapis.
com/v1beta/models/gemini-1.5-flash:generate
Content: [404 Not Found] 
models/gemini-1.5-flash is not found for 
API version v1beta, or is not supported 
for generateContent. Call ListModels to 
see the list of available models and their 
supported methods.
At line:1 char:1
+ node scripts/test-ai-service.js > 
test_output.log 2>&1
+ ~~~~~~~~~~~~~~~~~~~~~~~~~~~~~~~~~~~~~~~~~
~~~~~~~~~~~~~
    + CategoryInfo          : NotSpecified 
   : ([AI Service] ⚠️...ported methods.:S  
  tring) [], RemoteException
    + FullyQualifiedErrorId : NativeComman 
   dError
 
[AI Service] 🛰️ Attempting gemini-1.5-pro...
[AI Service] ⚠️ Model gemini-1.5-pro 
failed: [GoogleGenerativeAI Error]: Error 
fetching from https://generativelanguage.go
ogleapis.com/v1beta/models/gemini-1.5-pro:g
enerateContent: [404 Not Found] 
models/gemini-1.5-pro is not found for API 
version v1beta, or is not supported for 
generateContent. Call ListModels to see 
the list of available models and their 
supported methods.
[AI Service] 🛰️ Attempting gemini-2.0-flash-exp...
[AI Service] ⚠️ Model gemini-2.0-flash-exp 
failed: [GoogleGenerativeAI Error]: Error 
fetching from https://generativelanguage.go
ogleapis.com/v1beta/models/gemini-2.0-flash
-exp:generateContent: [404 Not Found] 
models/gemini-2.0-flash-exp is not found 
for API version v1beta, or is not 
supported for generateContent. Call 
ListModels to see the list of available 
models and their supported methods.
[AI Service] 📉 All models failed or 
reached quota. Falling back to MOCK.

✅ AI Response Received:
Model Used: fallback-mock
Is Mock: true
Bio Content: I am Test User, specializing in Wedding Host. With a passion for excellence, i dedicate myself to making every moment unforgettable.

⚠️ Note: System fell back to MOCK even 
though API key is present. Check model 
names or quota.
